#options: 1280x720 fps=30/1 timebase=1/30 bitdepth=8 cabac=1 ref=1 deblock=1:0:0 analyse=0x1:0 me=dia subme=2 psy=1 psy_rd=1.00:0.00 mixed_ref=0 me_range=16 chroma_me=1 trellis=0 8x8dct=0 cqm=0 deadzone=21,11 fast_pskip=1 chroma_qp_offset=0 threads=6 lookahead_threads=2 sliced_threads=0 nr=0 decimate=1 interlaced=0 bluray_compat=0 constrained_intra=0 bframes=3 b_pyramid=2 b_adapt=1 b_bias=0 direct=3 weightb=1 open_gop=0 weightp=2 keyint=250 keyint_min=25 scenecut=40 intra_refresh=0 rc_lookahead=50 rc=abr mbtree=1 bitrate=1200 ratetol=1.0 qcomp=0.60 qpmin=0 qpmax=69 qpstep=4 ip_ratio=1.40 aq=1:1.00
in:0 out:0 type:I dur:2 cpbdur:2 q:34.39 aq:27.17 tex:127913 mv:44509 misc:170 imb:3600 pmb:0 smb:0 d:- ref:;
in:2 out:1 type:P dur:2 cpbdur:2 q:35.34 aq:31.13 tex:2576 mv:1864 misc:1000 imb:24 pmb:208 smb:3368 d:- ref:0 ;
in:1 out:2 type:b dur:2 cpbdur:2 q:35.34 aq:35.25 tex:151 mv:292 misc:341 imb:1 pmb:41 smb:3558 d:s ref:0 ;
in:6 out:3 type:P dur:2 cpbdur:2 q:35.17 aq:28.46 tex:16701 mv:6610 misc:2489 imb:339 pmb:659 smb:2602 d:- ref:0 ;
in:4 out:4 type:B dur:2 cpbdur:2 q:35.25 aq:30.34 tex:1349 mv:1465 misc:762 imb:34 pmb:104 smb:3462 d:t ref:0 ;
in:3 out:5 type:b dur:2 cpbdur:2 q:35.29 aq:38.45 tex:306 mv:467 misc:507 imb:0 pmb:84 smb:3516 d:s ref:0 ;
in:5 out:6 type:b dur:2 cpbdur:2 q:35.21 aq:31.75 tex:1055 mv:1156 misc:685 imb:27 pmb:87 smb:3486 d:- ref:0 ;
in:10 out:7 type:P dur:2 cpbdur:2 q:39.17 aq:31.43 tex:5597 mv:3841 misc:1650 imb:84 pmb:434 smb:3082 d:s ref:0 ;
in:8 out:8 type:B dur:2 cpbdur:2 q:37.17 aq:32.75 tex:1157 mv:1161 misc:786 imb:33 pmb:86 smb:3481 d:s ref:0 ;
in:7 out:9 type:b dur:2 cpbdur:2 q:36.17 aq:34.32 tex:140 mv:225 misc:403 imb:2 pmb:38 smb:3560 d:s ref:0 ;
in:9 out:10 type:b dur:2 cpbdur:2 q:38.17 aq:42.38 tex:176 mv:201 misc:335 imb:0 pmb:24 smb:3576 d:- ref:0 ;
in:14 out:11 type:P dur:2 cpbdur:2 q:35.17 aq:27.91 tex:18827 mv:7985 misc:2892 imb:331 pmb:870 smb:2399 d:s ref:0 ;
in:12 out:12 type:B dur:2 cpbdur:2 q:37.17 aq:31.04 tex:563 mv:449 misc:580 imb:12 pmb:52 smb:3536 d:s ref:0 ;
in:11 out:13 type:b dur:2 cpbdur:2 q:38.17 aq:32.31 tex:71 mv:57 misc:272 imb:4 pmb:2 smb:3594 d:s ref:0 ;
in:13 out:14 type:b dur:2 cpbdur:2 q:36.17 aq:38.59 tex:51 mv:114 misc:299 imb:1 pmb:14 smb:3585 d:- ref:0 ;
in:18 out:15 type:P dur:2 cpbdur:2 q:29.41 aq:23.10 tex:106157 mv:20050 misc:2049 imb:1456 pmb:1638 smb:506 d:s ref:0 ;
in:16 out:16 type:B dur:2 cpbdur:2 q:32.29 aq:27.16 tex:2740 mv:2710 misc:1926 imb:57 pmb:357 smb:3186 d:t ref:0 ;
in:15 out:17 type:b dur:2 cpbdur:2 q:33.73 aq:28.69 tex:693 mv:810 misc:793 imb:34 pmb:74 smb:3492 d:s ref:0 ;
in:17 out:18 type:b dur:2 cpbdur:2 q:30.85 aq:28.26 tex:644 mv:451 misc:921 imb:5 pmb:121 smb:3474 d:- ref:0 ;
in:22 out:19 type:P dur:2 cpbdur:2 q:27.76 aq:21.13 tex:120390 mv:21780 misc:1782 imb:1272 pmb:1993 smb:335 d:s ref:0 ;
in:20 out:20 type:B dur:2 cpbdur:2 q:28.58 aq:23.21 tex:15156 mv:9159 misc:3373 imb:228 pmb:1086 smb:2286 d:t ref:0 ;
in:19 out:21 type:b dur:2 cpbdur:2 q:28.99 aq:23.83 tex:7314 mv:4190 misc:2488 imb:150 pmb:527 smb:2923 d:s ref:0 ;
in:21 out:22 type:b dur:2 cpbdur:2 q:28.17 aq:23.12 tex:10482 mv:6238 misc:2752 imb:264 pmb:641 smb:2695 d:- ref:0 ;
in:26 out:23 type:P dur:2 cpbdur:2 q:27.57 aq:21.19 tex:83514 mv:19901 misc:2241 imb:1116 pmb:1910 smb:574 d:s ref:0 ;
in:24 out:24 type:B dur:2 cpbdur:2 q:27.66 aq:22.70 tex:18025 mv:9907 misc:3252 imb:229 pmb:1142 smb:2229 d:s ref:0 ;
in:23 out:25 type:b dur:2 cpbdur:2 q:27.71 aq:22.82 tex:2216 mv:1812 misc:1988 imb:16 pmb:449 smb:3135 d:s ref:0 ;
in:25 out:26 type:b dur:2 cpbdur:2 q:27.62 aq:22.45 tex:12687 mv:7163 misc:2806 imb:237 pmb:764 smb:2599 d:- ref:0 ;
in:30 out:27 type:P dur:2 cpbdur:2 q:27.93 aq:21.29 tex:73512 mv:20298 misc:2494 imb:1057 pmb:1909 smb:634 d:s ref:0 ;
in:28 out:28 type:B dur:2 cpbdur:2 q:27.75 aq:21.90 tex:34074 mv:15089 misc:3301 imb:354 pmb:1542 smb:1704 d:t ref:0 ;
in:27 out:29 type:b dur:2 cpbdur:2 q:27.66 aq:23.26 tex:1920 mv:2204 misc:2188 imb:18 pmb:523 smb:3059 d:s ref:0 ;
in:29 out:30 type:b dur:2 cpbdur:2 q:27.84 aq:23.22 tex:13853 mv:8096 misc:2883 imb:277 pmb:789 smb:2534 d:- ref:0 ;
in:34 out:31 type:P dur:2 cpbdur:2 q:27.81 aq:20.87 tex:67769 mv:18075 misc:2972 imb:942 pmb:1714 smb:944 d:s ref:0 ;
in:32 out:32 type:B dur:2 cpbdur:2 q:27.87 aq:22.50 tex:37965 mv:14971 misc:3536 imb:307 pmb:1673 smb:1620 d:s ref:0 ;
in:31 out:33 type:b dur:2 cpbdur:2 q:27.90 aq:23.46 tex:12624 mv:8862 misc:3050 imb:254 pmb:865 smb:2481 d:s ref:0 ;
in:33 out:34 type:b dur:2 cpbdur:2 q:27.84 aq:24.15 tex:3486 mv:2674 misc:2264 imb:21 pmb:565 smb:3014 d:- ref:0 ;
in:38 out:35 type:P dur:2 cpbdur:2 q:28.23 aq:21.79 tex:53705 mv:16487 misc:3312 imb:775 pmb:1600 smb:1225 d:s ref:0 ;
in:36 out:36 type:B dur:2 cpbdur:2 q:28.02 aq:23.01 tex:15033 mv:8956 misc:3211 imb:197 pmb:945 smb:2458 d:t ref:0 ;
in:35 out:37 type:b dur:2 cpbdur:2 q:27.92 aq:23.25 tex:6981 mv:3874 misc:2097 imb:114 pmb:410 smb:3076 d:s ref:0 ;
in:37 out:38 type:b dur:2 cpbdur:2 q:28.13 aq:24.74 tex:4615 mv:2768 misc:1641 imb:24 pmb:356 smb:3220 d:- ref:0 ;
in:42 out:39 type:P dur:2 cpbdur:2 q:28.00 aq:21.41 tex:67188 mv:19537 misc:2771 imb:1069 pmb:1686 smb:845 d:s ref:0 ;
in:40 out:40 type:B dur:2 cpbdur:2 q:28.11 aq:22.94 tex:14931 mv:9821 misc:3160 imb:156 pmb:1011 smb:2433 d:s ref:0 ;
in:39 out:41 type:b dur:2 cpbdur:2 q:28.17 aq:24.78 tex:10264 mv:5145 misc:2159 imb:121 pmb:492 smb:2987 d:s ref:0 ;
in:41 out:42 type:b dur:2 cpbdur:2 q:28.06 aq:23.33 tex:8182 mv:4751 misc:2139 imb:165 pmb:444 smb:2991 d:- ref:0 ;
in:46 out:43 type:P dur:2 cpbdur:2 q:27.68 aq:21.75 tex:36418 mv:15625 misc:3357 imb:858 pmb:1361 smb:1381 d:s ref:0 ;
in:44 out:44 type:B dur:2 cpbdur:2 q:27.84 aq:22.65 tex:14012 mv:8967 misc:3181 imb:182 pmb:913 smb:2505 d:t ref:0 ;
in:43 out:45 type:b dur:2 cpbdur:2 q:27.92 aq:25.11 tex:2764 mv:2173 misc:1471 imb:11 pmb:286 smb:3303 d:s ref:0 ;
in:45 out:46 type:b dur:2 cpbdur:2 q:27.76 aq:23.42 tex:6561 mv:3903 misc:2152 imb:103 pmb:442 smb:3055 d:- ref:0 ;
in:48 out:47 type:P dur:2 cpbdur:2 q:27.44 aq:22.81 tex:26917 mv:10310 misc:3285 imb:564 pmb:934 smb:2102 d:s ref:0 ;
in:47 out:48 type:b dur:2 cpbdur:2 q:27.56 aq:24.10 tex:7850 mv:3062 misc:2112 imb:37 pmb:470 smb:3093 d:s ref:0 ;
in:49 out:49 type:I dur:2 cpbdur:2 q:26.01 aq:19.50 tex:522881 mv:70716 misc:227 imb:3600 pmb:0 smb:0 d:s ref:;
in:53 out:50 type:P dur:2 cpbdur:2 q:29.38 aq:22.00 tex:56201 mv:10828 misc:3315 imb:1064 pmb:994 smb:1542 d:s ref:0 ;
in:51 out:51 type:B dur:2 cpbdur:2 q:29.38 aq:24.03 tex:7651 mv:5184 misc:2701 imb:214 pmb:618 smb:2768 d:s ref:0 ;
in:50 out:52 type:b dur:2 cpbdur:2 q:29.38 aq:23.09 tex:3162 mv:2613 misc:1657 imb:142 pmb:221 smb:3237 d:s ref:0 ;
in:52 out:53 type:b dur:2 cpbdur:2 q:29.38 aq:23.40 tex:1414 mv:1034 misc:1392 imb:28 pmb:269 smb:3303 d:- ref:0 ;
in:57 out:54 type:P dur:2 cpbdur:2 q:28.84 aq:21.27 tex:62250 mv:12312 misc:3102 imb:1060 pmb:1188 smb:1352 d:s ref:0 ;
in:55 out:55 type:B dur:2 cpbdur:2 q:29.11 aq:22.62 tex:9064 mv:6157 misc:2723 imb:286 pmb:661 smb:2653 d:s ref:0 ;
in:54 out:56 type:b dur:2 cpbdur:2 q:29.24 aq:23.78 tex:4479 mv:2917 misc:1644 imb:154 pmb:249 smb:3197 d:s ref:0 ;
in:56 out:57 type:b dur:2 cpbdur:2 q:28.97 aq:23.37 tex:5467 mv:4209 misc:2180 imb:177 pmb:486 smb:2937 d:- ref:0 ;
in:61 out:58 type:P dur:2 cpbdur:2 q:29.70 aq:22.37 tex:36419 mv:8490 misc:3307 imb:858 pmb:753 smb:1989 d:s ref:0 ;
in:59 out:59 type:B dur:2 cpbdur:2 q:29.27 aq:23.64 tex:10252 mv:5464 misc:2684 imb:253 pmb:647 smb:2700 d:s ref:0 ;
in:58 out:60 type:b dur:2 cpbdur:2 q:29.05 aq:23.37 tex:625 mv:684 misc:1219 imb:12 pmb:236 smb:3352 d:s ref:0 ;
in:60 out:61 type:b dur:2 cpbdur:2 q:29.48 aq:23.83 tex:5208 mv:3722 misc:2038 imb:163 pmb:406 smb:3031 d:- ref:0 ;
in:65 out:62 type:P dur:2 cpbdur:2 q:29.34 aq:22.21 tex:41622 mv:8577 misc:3497 imb:831 pmb:875 smb:1894 d:s ref:0 ;
in:63 out:63 type:B dur:2 cpbdur:2 q:29.52 aq:23.00 tex:14736 mv:6473 misc:2807 imb:264 pmb:787 smb:2549 d:s ref:0 ;
in:62 out:64 type:b dur:2 cpbdur:2 q:29.61 aq:23.79 tex:1083 mv:811 misc:1330 imb:18 pmb:243 smb:3339 d:s ref:0 ;
in:64 out:65 type:b dur:2 cpbdur:2 q:29.43 aq:23.82 tex:5610 mv:4167 misc:2271 imb:166 pmb:459 smb:2975 d:- ref:0 ;
in:69 out:66 type:P dur:2 cpbdur:2 q:28.85 aq:21.96 tex:49926 mv:9974 misc:3404 imb:906 pmb:1062 smb:1632 d:s ref:0 ;
in:67 out:67 type:B dur:2 cpbdur:2 q:29.09 aq:22.80 tex:20051 mv:7772 misc:3089 imb:278 pmb:1010 smb:2312 d:s ref:0 ;
in:66 out:68 type:b dur:2 cpbdur:2 q:29.21 aq:23.21 tex:5944 mv:4001 misc:2079 imb:174 pmb:405 smb:3021 d:s ref:0 ;
in:68 out:69 type:b dur:2 cpbdur:2 q:28.97 aq:24.86 tex:921 mv:836 misc:1283 imb:12 pmb:253 smb:3335 d:- ref:0 ;
in:73 out:70 type:P dur:2 cpbdur:2 q:28.51 aq:21.65 tex:53033 mv:11527 misc:3272 imb:964 pmb:1134 smb:1502 d:s ref:0 ;
in:71 out:71 type:B dur:2 cpbdur:2 q:28.68 aq:22.44 tex:12045 mv:6857 misc:3018 imb:276 pmb:825 smb:2499 d:s ref:0 ;
in:70 out:72 type:b dur:2 cpbdur:2 q:28.76 aq:23.42 tex:7256 mv:3988 misc:2268 imb:167 pmb:435 smb:2998 d:s ref:0 ;
in:72 out:73 type:b dur:2 cpbdur:2 q:28.59 aq:22.75 tex:2101 mv:1238 misc:1749 imb:23 pmb:362 smb:3215 d:- ref:0 ;
in:77 out:74 type:P dur:2 cpbdur:2 q:28.27 aq:20.92 tex:66690 mv:14127 misc:2879 imb:1112 pmb:1240 smb:1248 d:s ref:0 ;
in:75 out:75 type:B dur:2 cpbdur:2 q:28.39 aq:21.78 tex:15652 mv:8445 misc:3207 imb:316 pmb:1001 smb:2283 d:s ref:0 ;
in:74 out:76 type:b dur:2 cpbdur:2 q:28.45 aq:22.86 tex:7483 mv:4075 misc:2330 imb:162 pmb:476 smb:2962 d:s ref:0 ;
in:76 out:77 type:b dur:2 cpbdur:2 q:28.33 aq:22.27 tex:7687 mv:4849 misc:2496 imb:205 pmb:572 smb:2823 d:- ref:0 ;
in:81 out:78 type:P dur:2 cpbdur:2 q:28.06 aq:20.91 tex:54817 mv:12149 misc:3082 imb:1062 pmb:994 smb:1544 d:s ref:0 ;
in:79 out:79 type:B dur:2 cpbdur:2 q:28.17 aq:21.94 tex:13924 mv:7220 misc:3056 imb:260 pmb:927 smb:2413 d:s ref:0 ;
in:78 out:80 type:b dur:2 cpbdur:2 q:28.22 aq:21.74 tex:1192 mv:864 misc:1640 imb:9 pmb:303 smb:3288 d:s ref:0 ;
in:80 out:81 type:b dur:2 cpbdur:2 q:28.12 aq:21.85 tex:7438 mv:4021 misc:2389 imb:156 pmb:549 smb:2895 d:- ref:0 ;
in:85 out:82 type:P dur:2 cpbdur:2 q:27.87 aq:21.31 tex:49638 mv:11970 misc:3080 imb:1021 pmb:967 smb:1612 d:s ref:0 ;
in:83 out:83 type:B dur:2 cpbdur:2 q:27.97 aq:20.98 tex:24613 mv:9115 misc:3008 imb:304 pmb:1163 smb:2133 d:s ref:0 ;
in:82 out:84 type:b dur:2 cpbdur:2 q:28.01 aq:22.11 tex:2359 mv:1413 misc:1940 imb:26 pmb:440 smb:3134 d:s ref:0 ;
in:84 out:85 type:b dur:2 cpbdur:2 q:27.92 aq:22.13 tex:10161 mv:5767 misc:2560 imb:221 pmb:679 smb:2700 d:- ref:0 ;
in:89 out:86 type:P dur:2 cpbdur:2 q:27.65 aq:21.64 tex:51843 mv:12292 misc:2993 imb:1070 pmb:1028 smb:1502 d:s ref:0 ;
in:87 out:87 type:B dur:2 cpbdur:2 q:27.76 aq:21.46 tex:35818 mv:12099 misc:2923 imb:410 pmb:1394 smb:1796 d:s ref:0 ;
in:86 out:88 type:b dur:2 cpbdur:2 q:27.81 aq:22.18 tex:12142 mv:6676 misc:2470 imb:262 pmb:719 smb:2619 d:s ref:0 ;
in:88 out:89 type:b dur:2 cpbdur:2 q:27.71 aq:21.53 tex:2139 mv:1732 misc:2257 imb:18 pmb:624 smb:2958 d:- ref:0 ;
in:93 out:90 type:P dur:2 cpbdur:2 q:27.43 aq:22.17 tex:51850 mv:13568 misc:2742 imb:1200 pmb:957 smb:1443 d:s ref:0 ;
in:91 out:91 type:B dur:2 cpbdur:2 q:27.54 aq:21.88 tex:25240 mv:11538 misc:2942 imb:431 pmb:1281 smb:1888 d:s ref:0 ;
in:90 out:92 type:b dur:2 cpbdur:2 q:27.60 aq:21.96 tex:15619 mv:7610 misc:2363 imb:314 pmb:753 smb:2533 d:s ref:0 ;
in:92 out:93 type:b dur:2 cpbdur:2 q:27.48 aq:21.53 tex:4726 mv:2674 misc:2496 imb:50 pmb:742 smb:2808 d:- ref:0 ;
in:95 out:94 type:P dur:2 cpbdur:2 q:27.45 aq:22.68 tex:33955 mv:11042 misc:2739 imb:1092 pmb:710 smb:1798 d:s ref:0 ;
in:94 out:95 type:b dur:2 cpbdur:2 q:27.44 aq:22.25 tex:19090 mv:8886 misc:2568 imb:393 pmb:884 smb:2323 d:s ref:0 ;
in:96 out:96 type:I dur:2 cpbdur:2 q:25.28 aq:20.01 tex:588564 mv:123203 misc:257 imb:3600 pmb:0 smb:0 d:s ref:;
in:100 out:97 type:P dur:2 cpbdur:2 q:29.05 aq:23.47 tex:129272 mv:25625 misc:1215 imb:748 pmb:2652 smb:200 d:s ref:0 ;
in:98 out:98 type:B dur:2 cpbdur:2 q:29.05 aq:24.82 tex:24976 mv:16518 misc:3114 imb:221 pmb:1575 smb:1804 d:t ref:0 ;
in:97 out:99 type:b dur:2 cpbdur:2 q:29.05 aq:26.86 tex:4500 mv:6886 misc:2902 imb:36 pmb:935 smb:2629 d:s ref:0 ;
in:99 out:100 type:b dur:2 cpbdur:2 q:29.05 aq:25.71 tex:12495 mv:9089 misc:2848 imb:183 pmb:975 smb:2442 d:- ref:0 ;
in:104 out:101 type:P dur:2 cpbdur:2 q:29.08 aq:23.43 tex:157032 mv:26535 misc:857 imb:796 pmb:2707 smb:97 d:s ref:0 ;
in:102 out:102 type:B dur:2 cpbdur:2 q:29.06 aq:25.16 tex:27030 mv:16016 misc:3330 imb:230 pmb:1619 smb:1751 d:t ref:0 ;
in:101 out:103 type:b dur:2 cpbdur:2 q:29.05 aq:25.18 tex:12109 mv:9345 misc:2842 imb:170 pmb:1006 smb:2424 d:s ref:0 ;
in:103 out:104 type:b dur:2 cpbdur:2 q:29.07 aq:25.35 tex:3725 mv:4639 misc:2700 imb:17 pmb:775 smb:2808 d:- ref:0 ;
in:108 out:105 type:P dur:2 cpbdur:2 q:30.24 aq:24.35 tex:114052 mv:24452 misc:1280 imb:641 pmb:2744 smb:215 d:s ref:0 ;
in:106 out:106 type:B dur:2 cpbdur:2 q:29.66 aq:25.62 tex:16918 mv:12937 misc:3313 imb:179 pmb:1377 smb:2044 d:t ref:0 ;
in:105 out:107 type:b dur:2 cpbdur:2 q:29.37 aq:26.00 tex:9882 mv:7298 misc:2676 imb:108 pmb:867 smb:2625 d:s ref:0 ;
in:107 out:108 type:b dur:2 cpbdur:2 q:29.95 aq:25.87 tex:1656 mv:3163 misc:2085 imb:6 pmb:495 smb:3099 d:- ref:0 ;
in:112 out:109 type:P dur:2 cpbdur:2 q:30.61 aq:24.43 tex:107260 mv:23429 misc:1327 imb:615 pmb:2739 smb:246 d:s ref:0 ;
in:110 out:110 type:B dur:2 cpbdur:2 q:30.42 aq:26.02 tex:11907 mv:10717 misc:3304 imb:163 pmb:1213 smb:2224 d:s ref:0 ;
in:109 out:111 type:b dur:2 cpbdur:2 q:30.33 aq:26.22 tex:6757 mv:6230 misc:2613 imb:94 pmb:757 smb:2749 d:s ref:0 ;
in:111 out:112 type:b dur:2 cpbdur:2 q:30.52 aq:25.91 tex:7052 mv:5566 misc:2582 imb:102 pmb:729 smb:2769 d:- ref:0 ;
in:116 out:113 type:P dur:2 cpbdur:2 q:30.72 aq:24.76 tex:87842 mv:21002 misc:1788 imb:574 pmb:2661 smb:365 d:s ref:0 ;
in:114 out:114 type:B dur:2 cpbdur:2 q:30.66 aq:26.44 tex:10921 mv:8323 misc:3084 imb:133 pmb:1011 smb:2456 d:t ref:0 ;
in:113 out:115 type:b dur:2 cpbdur:2 q:30.64 aq:27.13 tex:1481 mv:2684 misc:1859 imb:4 pmb:410 smb:3186 d:s ref:0 ;
in:115 out:116 type:b dur:2 cpbdur:2 q:30.69 aq:26.59 tex:6577 mv:4831 misc:2344 imb:90 pmb:612 smb:2898 d:- ref:0 ;
in:120 out:117 type:P dur:2 cpbdur:2 q:30.76 aq:24.95 tex:84831 mv:20831 misc:1954 imb:538 pmb:2641 smb:421 d:s ref:0 ;
in:118 out:118 type:B dur:2 cpbdur:2 q:30.74 aq:26.13 tex:16237 mv:11077 misc:3158 imb:157 pmb:1303 smb:2140 d:s ref:0 ;
in:117 out:119 type:b dur:2 cpbdur:2 q:30.73 aq:25.52 tex:2171 mv:5019 misc:2522 imb:12 pmb:697 smb:2891 d:s ref:0 ;
in:119 out:120 type:b dur:2 cpbdur:2 q:30.75 aq:26.75 tex:7825 mv:4912 misc:2335 imb:87 pmb:663 smb:2850 d:- ref:0 ;
in:124 out:121 type:P dur:2 cpbdur:2 q:30.72 aq:25.18 tex:81443 mv:21085 misc:1984 imb:545 pmb:2634 smb:421 d:s ref:0 ;
in:122 out:122 type:B dur:2 cpbdur:2 q:30.74 aq:26.39 tex:18777 mv:10985 misc:3174 imb:180 pmb:1268 smb:2152 d:t ref:0 ;
in:121 out:123 type:b dur:2 cpbdur:2 q:30.75 aq:27.44 tex:7991 mv:6172 misc:2509 imb:107 pmb:728 smb:2765 d:s ref:0 ;
in:123 out:124 type:b dur:2 cpbdur:2 q:30.73 aq:26.17 tex:2073 mv:3494 misc:2249 imb:12 pmb:595 smb:2993 d:- ref:0 ;
in:128 out:125 type:P dur:2 cpbdur:2 q:30.74 aq:25.52 tex:69330 mv:20875 misc:2195 imb:504 pmb:2582 smb:514 d:s ref:0 ;
in:126 out:126 type:B dur:2 cpbdur:2 q:30.73 aq:26.47 tex:11205 mv:10031 misc:3100 imb:142 pmb:1083 smb:2375 d:t ref:0 ;
in:125 out:127 type:b dur:2 cpbdur:2 q:30.72 aq:26.92 tex:7558 mv:5654 misc:2324 imb:107 pmb:688 smb:2805 d:s ref:0 ;
in:127 out:128 type:b dur:2 cpbdur:2 q:30.74 aq:27.34 tex:1316 mv:2377 misc:1787 imb:4 pmb:364 smb:3232 d:- ref:0 ;
in:132 out:129 type:P dur:2 cpbdur:2 q:30.78 aq:25.66 tex:60012 mv:20589 misc:2335 imb:538 pmb:2471 smb:591 d:s ref:0 ;
in:130 out:130 type:B dur:2 cpbdur:2 q:30.76 aq:26.48 tex:10633 mv:9345 misc:2934 imb:152 pmb:1004 smb:2444 d:s ref:0 ;
in:129 out:131 type:b dur:2 cpbdur:2 q:30.75 aq:26.37 tex:5972 mv:4388 misc:2104 imb:100 pmb:521 smb:2979 d:s ref:0 ;
in:131 out:132 type:b dur:2 cpbdur:2 q:30.77 aq:26.33 tex:5207 mv:4266 misc:2111 imb:90 pmb:488 smb:3022 d:- ref:0 ;
in:136 out:133 type:P dur:2 cpbdur:2 q:30.72 aq:26.47 tex:38456 mv:18741 misc:3011 imb:578 pmb:2027 smb:995 d:s ref:0 ;
in:134 out:134 type:B dur:2 cpbdur:2 q:30.75 aq:26.84 tex:7412 mv:8661 misc:3159 imb:104 pmb:957 smb:2539 d:t ref:0 ;
in:133 out:135 type:b dur:2 cpbdur:2 q:30.76 aq:28.44 tex:873 mv:1634 misc:1509 imb:4 pmb:289 smb:3307 d:s ref:0 ;
in:135 out:136 type:b dur:2 cpbdur:2 q:30.74 aq:26.43 tex:3302 mv:3292 misc:1846 imb:62 pmb:355 smb:3183 d:- ref:0 ;
in:140 out:137 type:P dur:2 cpbdur:2 q:30.55 aq:27.71 tex:34173 mv:20105 misc:3010 imb:686 pmb:1879 smb:1035 d:s ref:0 w:7,125,5 ;
in:138 out:138 type:B dur:2 cpbdur:2 q:30.64 aq:27.11 tex:16232 mv:13122 misc:3606 imb:143 pmb:1400 smb:2057 d:t ref:0 ;
in:137 out:139 type:b dur:2 cpbdur:2 q:30.68 aq:29.17 tex:2660 mv:3377 misc:2235 imb:17 pmb:499 smb:3084 d:s ref:0 ;
in:139 out:140 type:b dur:2 cpbdur:2 q:30.60 aq:27.94 tex:4714 mv:4058 misc:2244 imb:61 pmb:465 smb:3074 d:- ref:0 ;
in:141 out:141 type:P dur:2 cpbdur:2 q:30.34 aq:27.02 tex:11798 mv:9062 misc:3372 imb:318 pmb:1006 smb:2276 d:s ref:0 ;
in:142 out:142 type:I dur:2 cpbdur:2 q:27.40 aq:20.84 tex:267597 mv:62442 misc:225 imb:3600 pmb:0 smb:0 d:s ref:;
in:146 out:143 type:P dur:2 cpbdur:2 q:30.69 aq:23.78 tex:46434 mv:16973 misc:2841 imb:1285 pmb:1245 smb:1070 d:s ref:0 ;
in:144 out:144 type:B dur:2 cpbdur:2 q:30.69 aq:25.24 tex:8718 mv:10510 misc:3316 imb:299 pmb:945 smb:2356 d:s ref:0 ;
in:143 out:145 type:b dur:2 cpbdur:2 q:30.69 aq:25.42 tex:445 mv:929 misc:1362 imb:4 pmb:241 smb:3355 d:s ref:0 ;
in:145 out:146 type:b dur:2 cpbdur:2 q:30.69 aq:25.41 tex:4875 mv:5379 misc:2578 imb:155 pmb:556 smb:2889 d:- ref:0 ;
in:150 out:147 type:P dur:2 cpbdur:2 q:30.46 aq:23.82 tex:53682 mv:17819 misc:2787 imb:1240 pmb:1328 smb:1032 d:s ref:0 ;
in:148 out:148 type:B dur:2 cpbdur:2 q:30.58 aq:24.31 tex:18240 mv:14500 misc:3444 imb:405 pmb:1292 smb:1903 d:s ref:0 ;
in:147 out:149 type:b dur:2 cpbdur:2 q:30.64 aq:26.78 tex:1951 mv:4094 misc:2395 imb:41 pmb:581 smb:2978 d:s ref:0 ;
in:149 out:150 type:b dur:2 cpbdur:2 q:30.52 aq:25.97 tex:7053 mv:7234 misc:2809 imb:204 pmb:708 smb:2688 d:- ref:0 ;
in:154 out:151 type:P dur:2 cpbdur:2 q:30.71 aq:24.03 tex:48725 mv:17573 misc:3078 imb:1214 pmb:1283 smb:1103 d:s ref:0 ;
in:152 out:152 type:B dur:2 cpbdur:2 q:30.59 aq:24.40 tex:18411 mv:14255 misc:3382 imb:374 pmb:1175 smb:2051 d:t ref:0 ;
in:151 out:153 type:b dur:2 cpbdur:2 q:30.53 aq:26.20 tex:7890 mv:8473 misc:2973 imb:225 pmb:787 smb:2588 d:s ref:0 ;
in:153 out:154 type:b dur:2 cpbdur:2 q:30.65 aq:26.13 tex:2510 mv:4342 misc:2412 imb:46 pmb:619 smb:2935 d:- ref:0 ;
in:158 out:155 type:P dur:2 cpbdur:2 q:30.66 aq:24.44 tex:53822 mv:17338 misc:3064 imb:1143 pmb:1334 smb:1123 d:s ref:0 ;
in:156 out:156 type:B dur:2 cpbdur:2 q:30.69 aq:24.86 tex:11227 mv:12726 misc:3359 imb:355 pmb:1012 smb:2233 d:s ref:0 ;
in:155 out:157 type:b dur:2 cpbdur:2 q:30.70 aq:26.52 tex:6218 mv:7536 misc:2670 imb:170 pmb:667 smb:2763 d:s ref:0 ;
in:157 out:158 type:b dur:2 cpbdur:2 q:30.67 aq:27.74 tex:2542 mv:3665 misc:2121 imb:31 pmb:491 smb:3078 d:- ref:0 ;
in:162 out:159 type:P dur:2 cpbdur:2 q:30.64 aq:23.80 tex:57652 mv:18739 misc:2881 imb:1299 pmb:1380 smb:921 d:s ref:0 ;
in:160 out:160 type:B dur:2 cpbdur:2 q:30.65 aq:24.94 tex:10585 mv:11698 misc:3293 imb:330 pmb:985 smb:2285 d:t ref:0 ;
in:159 out:161 type:b dur:2 cpbdur:2 q:30.65 aq:26.52 tex:5963 mv:8539 misc:2930 imb:171 pmb:780 smb:2649 d:s ref:0 ;
in:161 out:162 type:b dur:2 cpbdur:2 q:30.64 aq:25.65 tex:5347 mv:5766 misc:2575 imb:171 pmb:568 smb:2861 d:- ref:0 ;
in:166 out:163 type:P dur:2 cpbdur:2 q:30.55 aq:23.79 tex:42666 mv:15703 misc:3031 imb:1200 pmb:1237 smb:1163 d:s ref:0 ;
in:164 out:164 type:B dur:2 cpbdur:2 q:30.60 aq:24.53 tex:8136 mv:8678 misc:3090 imb:234 pmb:826 smb:2540 d:t ref:0 ;
in:163 out:165 type:b dur:2 cpbdur:2 q:30.62 aq:27.80 tex:784 mv:3107 misc:1837 imb:19 pmb:384 smb:3197 d:s ref:0 ;
in:165 out:166 type:b dur:2 cpbdur:2 q:30.57 aq:25.14 tex:3259 mv:4544 misc:2221 imb:105 pmb:486 smb:3009 d:- ref:0 ;
in:170 out:167 type:P dur:2 cpbdur:2 q:30.47 aq:23.45 tex:49665 mv:17202 misc:2909 imb:1275 pmb:1289 smb:1036 d:s ref:0 ;
in:168 out:168 type:B dur:2 cpbdur:2 q:30.51 aq:24.38 tex:13036 mv:9898 misc:3306 imb:247 pmb:969 smb:2384 d:t ref:0 ;
in:167 out:169 type:b dur:2 cpbdur:2 q:30.53 aq:26.64 tex:2229 mv:4416 misc:2355 imb:56 pmb:538 smb:3006 d:s ref:0 ;
in:169 out:170 type:b dur:2 cpbdur:2 q:30.49 aq:26.26 tex:4812 mv:5410 misc:2514 imb:111 pmb:573 smb:2916 d:- ref:0 ;
in:174 out:171 type:P dur:2 cpbdur:2 q:30.31 aq:23.29 tex:57100 mv:18670 misc:2910 imb:1252 pmb:1398 smb:950 d:s ref:0 ;
in:172 out:172 type:B dur:2 cpbdur:2 q:30.39 aq:23.85 tex:11781 mv:9093 misc:3414 imb:182 pmb:1059 smb:2359 d:s ref:0 ;
in:171 out:173 type:b dur:2 cpbdur:2 q:30.43 aq:25.42 tex:4092 mv:4866 misc:2370 imb:105 pmb:512 smb:2983 d:s ref:0 ;
in:173 out:174 type:b dur:2 cpbdur:2 q:30.35 aq:26.05 tex:1548 mv:2392 misc:1636 imb:24 pmb:312 smb:3264 d:- ref:0 ;
in:178 out:175 type:P dur:2 cpbdur:2 q:30.21 aq:23.79 tex:48289 mv:14800 misc:3239 imb:839 pmb:1303 smb:1458 d:s ref:0 ;
in:176 out:176 type:B dur:2 cpbdur:2 q:30.26 aq:23.71 tex:8707 mv:8442 misc:3179 imb:178 pmb:870 smb:2552 d:s ref:0 ;
in:175 out:177 type:b dur:2 cpbdur:2 q:30.29 aq:25.00 tex:3973 mv:4292 misc:2023 imb:78 pmb:407 smb:3115 d:s ref:0 ;
in:177 out:178 type:b dur:2 cpbdur:2 q:30.24 aq:27.39 tex:1914 mv:2306 misc:1732 imb:23 pmb:321 smb:3256 d:- ref:0 ;
in:182 out:179 type:P dur:2 cpbdur:2 q:30.11 aq:23.47 tex:50320 mv:16857 misc:3063 imb:1102 pmb:1418 smb:1080 d:s ref:0 ;
in:180 out:180 type:B dur:2 cpbdur:2 q:30.16 aq:24.21 tex:9039 mv:9539 misc:3270 imb:220 pmb:956 smb:2424 d:s ref:0 ;
in:179 out:181 type:b dur:2 cpbdur:2 q:30.19 aq:25.54 tex:4453 mv:5255 misc:2492 imb:100 pmb:559 smb:2941 d:s ref:0 ;
in:181 out:182 type:b dur:2 cpbdur:2 q:30.13 aq:24.93 tex:4788 mv:5018 misc:2682 imb:135 pmb:629 smb:2836 d:- ref:0 ;
in:186 out:183 type:P dur:2 cpbdur:2 q:29.99 aq:24.17 tex:22921 mv:11485 misc:3514 imb:843 pmb:958 smb:1799 d:s ref:0 ;
in:184 out:184 type:B dur:2 cpbdur:2 q:30.05 aq:24.69 tex:10398 mv:8378 misc:3272 imb:222 pmb:882 smb:2496 d:s ref:0 ;
in:183 out:185 type:b dur:2 cpbdur:2 q:30.08 aq:27.29 tex:1397 mv:3025 misc:1954 imb:19 pmb:432 smb:3149 d:s ref:0 ;
in:185 out:186 type:b dur:2 cpbdur:2 q:30.02 aq:24.40 tex:5359 mv:3237 misc:2156 imb:116 pmb:400 smb:3084 d:- ref:0 ;
in:188 out:187 type:P dur:2 cpbdur:2 q:29.83 aq:24.97 tex:13817 mv:7435 misc:3180 imb:548 pmb:633 smb:2419 d:s ref:0 ;
in:187 out:188 type:b dur:2 cpbdur:2 q:29.91 aq:25.46 tex:3132 mv:2665 misc:2243 imb:43 pmb:478 smb:3079 d:s ref:0 ;
in:189 out:189 type:I dur:2 cpbdur:2 q:27.37 aq:20.49 tex:231799 mv:62855 misc:250 imb:3600 pmb:0 smb:0 d:s ref:;
in:193 out:190 type:P dur:2 cpbdur:2 q:30.08 aq:23.02 tex:34937 mv:13028 misc:3515 imb:771 pmb:1145 smb:1684 d:s ref:0 ;
in:191 out:191 type:B dur:2 cpbdur:2 q:30.08 aq:23.56 tex:6287 mv:6401 misc:2784 imb:195 pmb:700 smb:2705 d:s ref:0 ;
in:190 out:192 type:b dur:2 cpbdur:2 q:30.08 aq:24.55 tex:4038 mv:3434 misc:1944 imb:163 pmb:297 smb:3140 d:s ref:0 ;
in:192 out:193 type:b dur:2 cpbdur:2 q:30.08 aq:24.91 tex:1413 mv:1344 misc:1579 imb:29 pmb:299 smb:3272 d:- ref:0 ;
in:197 out:194 type:P dur:2 cpbdur:2 q:29.85 aq:22.04 tex:93634 mv:20284 misc:2770 imb:1410 pmb:1342 smb:848 d:s ref:0 ;
in:195 out:195 type:B dur:2 cpbdur:2 q:29.97 aq:23.39 tex:8230 mv:7237 misc:2941 imb:237 pmb:749 smb:2614 d:s ref:0 ;
in:194 out:196 type:b dur:2 cpbdur:2 q:30.03 aq:24.07 tex:4199 mv:3033 misc:1792 imb:147 pmb:271 smb:3182 d:s ref:0 ;
in:196 out:197 type:b dur:2 cpbdur:2 q:29.91 aq:24.06 tex:4641 mv:4192 misc:2239 imb:200 pmb:415 smb:2985 d:- ref:0 ;
in:201 out:198 type:P dur:2 cpbdur:2 q:29.97 aq:21.97 tex:49098 mv:14221 misc:3249 imb:888 pmb:1190 smb:1522 d:s ref:0 ;
in:199 out:199 type:B dur:2 cpbdur:2 q:29.91 aq:23.59 tex:5082 mv:4245 misc:2505 imb:136 pmb:554 smb:2910 d:s ref:0 ;
in:198 out:200 type:b dur:2 cpbdur:2 q:29.88 aq:23.86 tex:285 mv:222 misc:581 imb:5 pmb:52 smb:3543 d:s ref:0 ;
in:200 out:201 type:b dur:2 cpbdur:2 q:29.94 aq:24.14 tex:3846 mv:3196 misc:2142 imb:112 pmb:421 smb:3067 d:- ref:0 ;
in:205 out:202 type:P dur:2 cpbdur:2 q:29.92 aq:21.73 tex:36444 mv:11927 misc:3485 imb:733 pmb:1100 smb:1767 d:s ref:0 ;
in:203 out:203 type:B dur:2 cpbdur:2 q:29.94 aq:22.47 tex:10756 mv:5383 misc:2933 imb:170 pmb:728 smb:2702 d:s ref:0 ;
in:202 out:204 type:b dur:2 cpbdur:2 q:29.96 aq:23.86 tex:596 mv:568 misc:996 imb:23 pmb:122 smb:3455 d:s ref:0 ;
in:204 out:205 type:b dur:2 cpbdur:2 q:29.93 aq:24.31 tex:1995 mv:1740 misc:1681 imb:47 pmb:280 smb:3273 d:- ref:0 ;
in:209 out:206 type:P dur:2 cpbdur:2 q:29.71 aq:21.18 tex:49314 mv:13138 misc:3484 imb:794 pmb:1181 smb:1625 d:s ref:0 ;
in:207 out:207 type:B dur:2 cpbdur:2 q:29.81 aq:22.96 tex:11552 mv:4344 misc:2832 imb:119 pmb:703 smb:2778 d:s ref:0 ;
in:206 out:208 type:b dur:2 cpbdur:2 q:29.86 aq:23.15 tex:2757 mv:1986 misc:1593 imb:97 pmb:202 smb:3301 d:s ref:0 ;
in:208 out:209 type:b dur:2 cpbdur:2 q:29.76 aq:23.37 tex:806 mv:1008 misc:1330 imb:21 pmb:226 smb:3353 d:- ref:0 ;
in:213 out:210 type:P dur:2 cpbdur:2 q:29.55 aq:21.45 tex:38622 mv:11220 misc:3430 imb:644 pmb:1154 smb:1802 d:s ref:0 ;
in:211 out:211 type:B dur:2 cpbdur:2 q:29.63 aq:21.98 tex:5016 mv:3322 misc:2366 imb:101 pmb:465 smb:3034 d:s ref:0 ;
in:210 out:212 type:b dur:2 cpbdur:2 q:29.67 aq:24.01 tex:2238 mv:1206 misc:1196 imb:54 pmb:138 smb:3408 d:s ref:0 ;
in:212 out:213 type:b dur:2 cpbdur:2 q:29.59 aq:23.00 tex:942 mv:666 misc:1400 imb:12 pmb:240 smb:3348 d:- ref:0 ;
in:217 out:214 type:P dur:2 cpbdur:2 q:29.37 aq:21.20 tex:47263 mv:13531 misc:3366 imb:885 pmb:1329 smb:1386 d:s ref:0 ;
in:215 out:215 type:B dur:2 cpbdur:2 q:29.46 aq:22.71 tex:6329 mv:3637 misc:2442 imb:111 pmb:510 smb:2979 d:s ref:0 ;
in:214 out:216 type:b dur:2 cpbdur:2 q:29.50 aq:23.25 tex:3794 mv:2000 misc:1726 imb:96 pmb:241 smb:3263 d:s ref:0 ;
in:216 out:217 type:b dur:2 cpbdur:2 q:29.42 aq:22.85 tex:4651 mv:3324 misc:2169 imb:167 pmb:347 smb:3086 d:- ref:0 ;
in:221 out:218 type:P dur:2 cpbdur:2 q:29.21 aq:21.29 tex:52744 mv:14593 misc:3367 imb:894 pmb:1238 smb:1468 d:s ref:0 ;
in:219 out:219 type:B dur:2 cpbdur:2 q:29.29 aq:22.06 tex:5584 mv:3559 misc:2457 imb:103 pmb:536 smb:2961 d:s ref:0 ;
in:218 out:220 type:b dur:2 cpbdur:2 q:29.33 aq:23.67 tex:553 mv:339 misc:804 imb:4 pmb:99 smb:3497 d:s ref:0 ;
in:220 out:221 type:b dur:2 cpbdur:2 q:29.25 aq:23.06 tex:4240 mv:2627 misc:2029 imb:88 pmb:394 smb:3118 d:- ref:0 ;
in:225 out:222 type:P dur:2 cpbdur:2 q:29.03 aq:21.55 tex:36402 mv:11595 misc:3459 imb:687 pmb:1087 smb:1826 d:s ref:0 ;
in:223 out:223 type:B dur:2 cpbdur:2 q:29.12 aq:21.76 tex:12757 mv:5377 misc:3042 imb:191 pmb:774 smb:2635 d:s ref:0 ;
in:222 out:224 type:b dur:2 cpbdur:2 q:29.17 aq:22.63 tex:1620 mv:1870 misc:1862 imb:41 pmb:364 smb:3195 d:s ref:0 ;
in:224 out:225 type:b dur:2 cpbdur:2 q:29.08 aq:23.39 tex:4884 mv:2378 misc:1874 imb:102 pmb:304 smb:3194 d:- ref:0 ;
in:227 out:226 type:P dur:2 cpbdur:2 q:28.86 aq:20.86 tex:39894 mv:12376 misc:3450 imb:797 pmb:1190 smb:1613 d:s ref:0 ;
in:226 out:227 type:b dur:2 cpbdur:2 q:28.95 aq:22.68 tex:4191 mv:2633 misc:1984 imb:88 pmb:347 smb:3165 d:s ref:0 ;
in:231 out:228 type:P dur:2 cpbdur:2 q:28.83 aq:20.18 tex:30792 mv:12394 misc:3438 imb:1053 pmb:946 smb:1601 d:s ref:0 ;
in:229 out:229 type:B dur:2 cpbdur:2 q:28.85 aq:21.36 tex:6199 mv:3400 misc:2593 imb:83 pmb:610 smb:2907 d:s ref:0 ;
in:228 out:230 type:b dur:2 cpbdur:2 q:28.85 aq:22.48 tex:676 mv:398 misc:950 imb:3 pmb:129 smb:3468 d:s ref:0 ;
in:230 out:231 type:b dur:2 cpbdur:2 q:28.84 aq:23.21 tex:2802 mv:1236 misc:1434 imb:33 pmb:233 smb:3334 d:- ref:0 ;
in:235 out:232 type:P dur:2 cpbdur:2 q:28.65 aq:22.20 tex:7398 mv:4700 misc:2302 imb:246 pmb:376 smb:2978 d:s ref:0 ;
in:233 out:233 type:B dur:2 cpbdur:2 q:28.74 aq:21.20 tex:11432 mv:3482 misc:2646 imb:92 pmb:615 smb:2893 d:s ref:0 ;
in:232 out:234 type:b dur:2 cpbdur:2 q:28.78 aq:21.66 tex:796 mv:490 misc:938 imb:19 pmb:110 smb:3471 d:s ref:0 ;
in:234 out:235 type:b dur:2 cpbdur:2 q:28.70 aq:21.60 tex:2338 mv:1504 misc:1550 imb:54 pmb:239 smb:3307 d:- ref:0 ;
